
The following have been reloaded with a version change:
  1) cudatoolkit/12.9 => cudatoolkit/12.2     2) gcc-native/14 => gcc-native/13.2


The following have been reloaded with a version change:
  1) desiutil/main => desiutil/3.4.3


The following have been reloaded with a version change:
  1) desispec/main => desispec/0.68.1


The following have been reloaded with a version change:
  1) desitarget/main => desitarget/2.8.0


The following have been reloaded with a version change:
  1) desimodel/main => desimodel/0.19.2


The following have been reloaded with a version change:
  1) speclite/main => speclite/v0.20

Traceback (most recent call last):
  File "/global/common/software/desi/perlmutter/desiconda/20240425-2.2.0/code/fastspecfit/main/py/fastspecfit/mpi.py", line 859, in _perfile_run
    err = fast(args=cmdargs.split(), comm=None)
  File "/global/common/software/desi/perlmutter/desiconda/20240425-2.2.0/code/fastspecfit/main/py/fastspecfit/fastspecfit.py", line 437, in fastspec
    out = list(zip(*out))
  File "/global/common/software/desi/perlmutter/desiconda/20240425-2.2.0/code/fastspecfit/main/py/fastspecfit/util.py", line 105, in apply_to_dict
    return f(**argdict)
  File "/global/common/software/desi/perlmutter/desiconda/20240425-2.2.0/code/fastspecfit/main/py/fastspecfit/fastspecfit.py", line 193, in fastspec_one
    one_spectrum(data, meta, uncertainty_floor=uncertainty_floor, fastphot=fastphot,
  File "/global/common/software/desi/perlmutter/desiconda/20240425-2.2.0/code/fastspecfit/main/py/fastspecfit/io.py", line 247, in one_spectrum
    pix = LM.build_linemask(
  File "/global/common/software/desi/perlmutter/desiconda/20240425-2.2.0/code/fastspecfit/main/py/fastspecfit/linemasker.py", line 744, in build_linemask
    fit_patches(continuum_patches.copy(), patchMap.copy(),
  File "/global/common/software/desi/perlmutter/desiconda/20240425-2.2.0/code/fastspecfit/main/py/fastspecfit/linemasker.py", line 489, in fit_patches
    linefit, contfit = EMFit.optimize(linemodel, initial_guesses,
ValueError: too many values to unpack (expected 2)
Traceback (most recent call last):
  File "/global/common/software/desi/perlmutter/desiconda/20240425-2.2.0/code/fastspecfit/main/py/fastspecfit/mpi.py", line 859, in _perfile_run
    err = fast(args=cmdargs.split(), comm=None)
  File "/global/common/software/desi/perlmutter/desiconda/20240425-2.2.0/code/fastspecfit/main/py/fastspecfit/fastspecfit.py", line 437, in fastspec
    out = list(zip(*out))
  File "/global/common/software/desi/perlmutter/desiconda/20240425-2.2.0/code/fastspecfit/main/py/fastspecfit/util.py", line 105, in apply_to_dict
    return f(**argdict)
  File "/global/common/software/desi/perlmutter/desiconda/20240425-2.2.0/code/fastspecfit/main/py/fastspecfit/fastspecfit.py", line 193, in fastspec_one
    one_spectrum(data, meta, uncertainty_floor=uncertainty_floor, fastphot=fastphot,
  File "/global/common/software/desi/perlmutter/desiconda/20240425-2.2.0/code/fastspecfit/main/py/fastspecfit/io.py", line 247, in one_spectrum
    pix = LM.build_linemask(
  File "/global/common/software/desi/perlmutter/desiconda/20240425-2.2.0/code/fastspecfit/main/py/fastspecfit/linemasker.py", line 744, in build_linemask
    fit_patches(continuum_patches.copy(), patchMap.copy(),
  File "/global/common/software/desi/perlmutter/desiconda/20240425-2.2.0/code/fastspecfit/main/py/fastspecfit/linemasker.py", line 489, in fit_patches
    linefit, contfit = EMFit.optimize(linemodel, initial_guesses,
ValueError: too many values to unpack (expected 2)
srun: warning: can't run 1 processes on 10 nodes, setting nnodes to 1
Traceback (most recent call last):
  File "/global/common/software/desi/perlmutter/desiconda/20240425-2.2.0/code/fastspecfit/main/bin/mpi-fastspecfit", line 438, in <module>
    main()
  File "/global/common/software/desi/perlmutter/desiconda/20240425-2.2.0/code/fastspecfit/main/bin/mpi-fastspecfit", line 383, in main
    merge_fastspecfit(specprod=args.specprod, specprod_dir=specprod_dir, coadd_type='healpix',
  File "/global/common/software/desi/perlmutter/desiconda/20240425-2.2.0/code/fastspecfit/main/py/fastspecfit/mpi.py", line 642, in merge_fastspecfit
    _domerge(outfiles, mergefile=mergefile, outprefix=outprefix,
  File "/global/common/software/desi/perlmutter/desiconda/20240425-2.2.0/code/fastspecfit/main/py/fastspecfit/mpi.py", line 473, in _domerge
    out = [read_to_merge_one(*mparg) for mparg in mpargs]
  File "/global/common/software/desi/perlmutter/desiconda/20240425-2.2.0/code/fastspecfit/main/py/fastspecfit/mpi.py", line 473, in <listcomp>
    out = [read_to_merge_one(*mparg) for mparg in mpargs]
  File "/global/common/software/desi/perlmutter/desiconda/20240425-2.2.0/code/fastspecfit/main/py/fastspecfit/mpi.py", line 447, in read_to_merge_one
    info = fitsio.FITS(filename)
  File "/global/common/software/desi/perlmutter/desiconda/20240425-2.2.0/conda/lib/python3.10/site-packages/fitsio/fitslib.py", line 522, in __init__
    self._FITS = _fitsio_wrap.FITS(filename, self.intmode, create)
OSError: FITSIO status = 104: could not open the named file
failed to find or open the following file: (ffopen)
/pscratch/sd/v/virajvm/desi_dwarf_catalogs/fastspecfit_custom_run/iron/healpix/s
v1/dark/70/7019/fastspec-sv1-dark-7019.fits

srun: error: nid005731: task 0: Exited with exit code 1
srun: Terminating StepId=53327864.1
